Name                           Status         Salary Pay Basis  Position Title
====================================================================================================================================
Eggleston, Warren N.           Employee       172200 Per Annum  ASSISTANT TO THE PRESIDENT AND COUNSEL TO THE PRESIDENT
Blinken, Antony J.             Employee       172200 Per Annum  ASSISTANT TO THE PRESIDENT AND DEPUTY NATIONAL SECURITY ADVISOR
Tchen, Christina M.            Employee       172200 Per Annum  ASSISTANT TO THE PRESIDENT AND CHIEF OF STAFF TO THE FIRST LADY
Breckenridge, Anita J.         Employee       172200 Per Annum  ASSISTANT TO THE PRESIDENT AND DEPUTY CHIEF OF STAFF FOR OPERATIONS
Simas, David M.                Employee       172200 Per Annum  ASSISTANT TO THE PRESIDENT AND DIRECTOR OF THE OFFICE OF POLITICAL STRATEGY AND OUTREACH
Canegallo, Kristie A.          Employee       172200 Per Annum  ASSISTANT TO THE PRESIDENT AND DEPUTY CHIEF OF STAFF FOR IMPLEMENTATION
Rice, Susan E.                 Employee       172200 Per Annum  ASSISTANT TO THE PRESIDENT AND NATIONAL SECURITY ADVISOR
Rhodes, Benjamin J.            Employee       172200 Per Annum  ASSISTANT TO THE PRESIDENT AND DEPUTY NATIONAL SECURITY ADVISOR FOR STRATEGIC COMMUNICATIONS AND SPEECHWRITING
Podesta, John D.               Employee       172200 Per Annum  COUNSELOR TO THE PRESIDENT
Earnest, Joshua R.             Employee       172200 Per Annum  ASSISTANT TO THE PRESIDENT AND PRESS SECRETARY
Pfeiffer, Howard D.            Employee       172200 Per Annum  ASSISTANT TO THE PRESIDENT AND SENIOR ADVISOR
Zients, Jeffrey D.             Employee       172200 Per Annum  ASSISTANT TO THE PRESIDENT FOR ECONOMIC POLICY AND DIRECTOR OF THE NATIONAL ECONOMIC COUNCIL
Fallon, Katherine B.           Employee       172200 Per Annum  ASSISTANT TO THE PRESIDENT AND DIRECTOR OF THE OFFICE OF LEGISLATIVE AFFAIRS
Palmieri, Jennifer M.          Employee       172200 Per Annum  ASSISTANT TO THE PRESIDENT AND DIRECTOR OF COMMUNICATIONS
Muñoz, Cecilia                Employee       172200 Per Annum  ASSISTANT TO THE PRESIDENT AND DIRECTOR OF THE DOMESTIC POLICY COUNCIL
Monaco, Lisa O.                Employee       172200 Per Annum  ASSISTANT TO THE PRESIDENT FOR HOMELAND SECURITY AND COUNTERTERRORISM AND DEPUTY NATIONAL SECURITY ADVISOR
McDonough, Denis R.            Employee       172200 Per Annum  ASSISTANT TO THE PRESIDENT AND CHIEF OF STAFF
Keenan, Cody S.                Employee       172200 Per Annum  ASSISTANT TO THE PRESIDENT AND DIRECTOR OF SPEECHWRITING
Kale, Katy A.                  Employee       172200 Per Annum  ASSISTANT TO THE PRESIDENT FOR MANAGEMENT AND ADMINISTRATION
Johnson, Broderick D.          Employee       172200 Per Annum  ASSISTANT TO THE PRESIDENT AND CABINET SECRETARY
Jarrett, Valerie B.            Employee       172200 Per Annum  SENIOR ADVISOR AND ASSISTANT TO THE PRESIDENT FOR INTERGOVERNMENTAL AFFAIRS AND PUBLIC ENGAGEMENT
White, Danielle M.             Employee       172200 Per Annum  ASSISTANT TO THE PRESIDENT AND DIRECTOR OF SCHEDULING AND ADVANCE
Turner, Shawn S.               Detailee       165353 Per Annum  DEPUTY PRESS SECRETARY  
McBride, Jonathan D.           Employee       162900 Per Annum  ASSISTANT TO THE PRESIDENT AND DIRECTOR OF PRESIDENTIAL PERSONNEL
Beliveau, Emmett S.            Employee       158500 Per Annum  ASSISTANT TO THE PRESIDENT AND DIRECTOR OF THE WHITE HOUSE MILITARY OFFICE
Wall, Anne E.                  Employee       158500 Per Annum  DEPUTY ASSISTANT TO THE PRESIDENT FOR LEGISLATIVE AFFAIRS AND SENATE LIAISON
Samuels, Jonathan D.           Employee       158500 Per Annum  DEPUTY ASSISTANT TO THE PRESIDENT FOR LEGISLATIVE AFFAIRS AND HOUSE LIAISON
Rosenbaum, Amy D.              Employee       158500 Per Annum  DEPUTY ASSISTANT TO THE PRESIDENT FOR LEGISLATIVE AFFAIRS
Lambrew, Jeanne M.             Employee       158500 Per Annum  DEPUTY ASSISTANT TO THE PRESIDENT FOR HEALTH POLICY
Walsh, Joan L.                 Employee       158500 Per Annum  DEPUTY ASSISTANT TO THE PRESIDENT AND STAFF SECRETARY
Austin, Jr., Roy L.            Employee       158500 Per Annum  "DEPUTY ASSISTANT TO THE PRESIDENT FOR THE OFFICE OF URBAN AFFAIRS
Kvaal, James R.                Employee       158500 Per Annum  DEPUTY ASSISTANT TO THE PRESIDENT AND DEPUTY DIRECTOR OF THE DOMESTIC POLICY COUNCIL
Bosworth, Michael S.           Employee       158500 Per Annum  DEPUTY ASSISTANT TO THE PRESIDENT AND DEPUTY COUNSEL TO THE PRESIDENT
Egan, Brian J.                 Employee       158500 Per Annum  DEPUTY ASSISTANT TO THE PRESIDENT AND DEPUTY COUNSEL TO THE PRESIDENT
Kang, Christopher D.           Employee       158500 Per Annum  DEPUTY ASSISTANT TO THE PRESIDENT AND DEPUTY COUNSEL TO THE PRESIDENT
O'Connor, Jennifer M.          Employee       158500 Per Annum  DEPUTY ASSISTANT TO THE PRESIDENT AND DEPUTY COUNSEL TO THE PRESIDENT
Brown, Crystal L.              Detailee       158118 Per Annum  SENIOR DIRECTOR OF CABINET AFFAIRS
Lagana, Susan P.               Detailee       157100 Per Annum  DEPUTY ASSOCIATE COUNSEL FOR PRESIDENTIAL PERSONNEL
Shi, Hong H.                   Detailee       157100 Per Annum  DEPUTY ASSOCIATE COUNSEL FOR PRESIDENTIAL PERSONNEL
Aniskoff, Paulette L.          Employee       153500 Per Annum  DEPUTY ASSISTANT TO THE PRESIDENT AND DIRECTOR OF THE OFFICE OF PUBLIC ENGAGEMENT
Agnew, David P.                Employee       153500 Per Annum  DEPUTY ASSISTANT TO THE PRESIDENT AND DIRECTOR OF INTERGOVERNMENTAL AFFAIRS
Platt, Katherine A.            Employee       153000 Per Annum  DEPUTY ASSISTANT TO THE PRESIDENT FOR MANAGEMENT AND ADMINISTRATION
Batchelder, Lily L.            Employee       147500 Per Annum  "DEPUTY ASSISTANT TO THE PRESIDENT AND DEPUTY DIRECTOR
Auguste, Byron G.              Employee       147500 Per Annum  "DEPUTY ASSISTANT TO THE PRESIDENT AND DEPUTY DIRECTOR
Walsh, Jason M.                Detailee       146660 Per Annum  SENIOR POLICY ADVISOR
Droege, Philip C.              Employee       141660 Per Annum  DIRECTOR OF RECORDS MANAGEMENT
Kalbaugh, David E.             Employee       141660 Per Annum  EXECUTIVE CLERK
Waldo, Eric W.                 Detailee       141660 Per Annum  "EXECUTIVE DIRECTOR AND POLICY ADVISOR
Haq, Nayyera                   Detailee       141660 Per Annum  SENIOR DIRECTOR OF CABINET AFFAIRS
Langley, Koby J.               Detailee       141400 Per Annum  ASSOCIATE DIRECTOR OF PUBLIC ENGAGEMENT
Brundage, Amy J.               Employee       140000 Per Annum  DEPUTY ASSISTANT TO THE PRESIDENT AND DEPUTY DIRECTOR OF COMMUNICATIONS
Theis, John K.                 Detailee       137494 Per Annum  DEPUTY ASSOCIATE COUNSEL
Grant, Richard E.              Detailee       137494 Per Annum  ETHICS COUNSEL
Maltby, Jeremy                 Employee       135000 Per Annum  SPECIAL ASSISTANT TO THE PRESIDENT AND SENIOR COUNSEL TO THE PRESIDENT
Winter, Melissa E.             Employee       132000 Per Annum  DEPUTY ASSISTANT TO THE PRESIDENT AND SENIOR ADVISOR TO THE FIRST LADY
Levine, Sarah L.               Employee       130500 Per Annum  SPECIAL ASSISTANT TO THE PRESIDENT AND ASSOCIATE COUNSEL TO THE PRESIDENT
Wheeler, Seth F.               Employee       130500 Per Annum  SPECIAL ASSISTANT TO THE PRESIDENT FOR ECONOMIC POLICY
Nelson, Gregory S.             Employee       130500 Per Annum  SPECIAL ASSISTANT TO THE PRESIDENT AND SENIOR ADVISOR FOR THE NATIONAL ECONOMIC COUNCIL
Friedman, John N.              Employee       130500 Per Annum  SPECIAL ASSISTANT TO THE PRESIDENT FOR ECONOMIC POLICY
Elhassani, Layth S.            Employee       130500 Per Annum  SPECIAL ASSISTANT TO THE PRESIDENT FOR LEGISLATIVE AFFAIRS
Cohen, Ilona R.                Employee       130500 Per Annum  SPECIAL ASSISTANT TO THE PRESIDENT AND ASSOCIATE COUNSEL TO THE PRESIDENT
Pérez, Alejandro              Employee       130500 Per Annum  SPECIAL ASSISTANT TO THE PRESIDENT FOR LEGISLATIVE AFFAIRS
Smart, Christopher W.          Employee       130500 Per Annum  SPECIAL ASSISTANT TO THE PRESIDENT FOR INTERNATIONAL ECONOMICS
MacFarquhar, Rory A.           Employee       130500 Per Annum  SPECIAL ASSISTANT TO THE PRESIDENT FOR INTERNATIONAL ECONOMICS
Minsk, Ronald E.               Employee       130500 Per Annum  SPECIAL ASSISTANT TO THE PRESIDENT FOR ENERGY AND ENVIRONMENT
Baker, Lamar W.                Employee       130500 Per Annum  SPECIAL ASSISTANT TO THE PRESIDENT AND ASSOCIATE COUNSEL TO THE PRESIDENT
Miller, Jason S.               Employee       130500 Per Annum  "SPECIAL ASSISTANT TO THE PRESIDENT AND DEPUTY DIRECTOR
Mehrbani, Rodin A.             Employee       130500 Per Annum  SPECIAL ASSISTANT TO THE PRESIDENT AND ASSOCIATE COUNSEL TO THE PRESIDENT
Noble, David L.                Employee       130000 Per Annum  DEPUTY ASSISTANT TO THE PRESIDENT FOR PRESIDENTIAL PERSONNEL
Brush, Michael P.              Employee       130000 Per Annum  DEPUTY ASSISTANT TO THE PRESIDENT AND DIRECTOR OF ADVANCE
McLaughlin, Margaret T.        Employee       130000 Per Annum  DEPUTY ASSISTANT TO THE PRESIDENT FOR PRESIDENTIAL PERSONNEL
Gonzalez, Maria C.             Employee       130000 Per Annum  SPECIAL ASSISTANT TO THE PRESIDENT AND DIRECTOR OF COMMUNICATIONS FOR THE FIRST LADY
Nicholson, Jr., Marvin D.      Employee       130000 Per Annum  "SPECIAL ASSISTANT TO THE PRESIDENT
Cushman, Chase M.              Employee       130000 Per Annum  DEPUTY ASSISTANT TO THE PRESIDENT AND DIRECTOR OF SCHEDULING
Moskowitz, Laura M.            Detailee       129161 Per Annum  SENIOR POLICY ADVISOR
Maher, Jessica A.              Employee       125000 Per Annum  SPECIAL ASSISTANT TO THE PRESIDENT AND SENATE LEGISLATIVE AFFAIRS LIAISON
Anderson, Amanda D.            Employee       125000 Per Annum  SPECIAL ASSISTANT TO THE PRESIDENT AND HOUSE LEGISLATIVE AFFAIRS LIAISON
Singletary, Barvetta           Employee       125000 Per Annum  SPECIAL ASSISTANT TO THE PRESIDENT AND HOUSE LEGISLATIVE AFFAIRS LIAISON
Pollack, Joshua D.             Employee       125000 Per Annum  SPECIAL ASSISTANT TO THE PRESIDENT AND SENATE LEGISLATIVE AFFAIRS LIAISON
Kass, Samuel D.                Employee       125000 Per Annum  EXECUTIVE DIRECTOR OF LET'S MOVE! AND SENIOR POLICY ADVISOR FOR NUTRITION POLICY
Hedger, Stephen C.             Employee       125000 Per Annum  SPECIAL ASSISTANT TO THE PRESIDENT AND SENATE LEGISLATIVE AFFAIRS LIAISON
Bringer, Norah E.              Detailee       124995 Per Annum  CLEARANCE COUNSEL
Parker, Steven L.              Detailee       121615 Per Annum  "EXECUTIVE DIRECTOR
Rowell, Theresa A.             Detailee       120429 Per Annum  ETHICS COUNSEL
Utech, Dan G.                  Employee       120000 Per Annum  SPECIAL ASSISTANT TO THE PRESIDENT FOR ENERGY AND CLIMATE CHANGE
Kochman, Katherine H.          Employee       120000 Per Annum  SPECIAL ASSISTANT TO THE PRESIDENT AND CHIEF OF STAFF OF THE DOMESTIC POLICY COUNCIL
Greenblatt, Jonathan A.        Employee       120000 Per Annum  "SPECIAL ASSISTANT TO THE PRESIDENT AND DIRECTOR
Quillian, Natalie H.           Employee       120000 Per Annum  SPECIAL ASSISTANT TO THE PRESIDENT AND ADVISOR TO THE CHIEF OF STAFF
Robertson, Michael J.          Employee       120000 Per Annum  DEPUTY ASSISTANT TO THE PRESIDENT AND DEPUTY CABINET SECRETARY
Abraham, Yohannes A.           Employee       120000 Per Annum  SPECIAL ASSISTANT TO THE PRESIDENT AND CHIEF OF STAFF FOR THE OFFICE OF PUBLIC ENGAGEMENT AND INTERGOVERNMENTAL AFFAIRS
Galloway, John M.              Employee       120000 Per Annum  SENIOR ADVISOR AND CHIEF OF STAFF OF THE NATIONAL ECONOMIC COUNCIL
Rodriguez, Roberto J.          Employee       120000 Per Annum  SPECIAL ASSISTANT TO THE PRESIDENT FOR EDUCATION POLICY
Marshall, Marlon D.            Employee       120000 Per Annum  SPECIAL ASSISTANT TO THE PRESIDENT AND PRINCIPAL DEPUTY DIRECTOR OF PUBLIC ENGAGEMENT
Bernard, Jeremy M.             Employee       118000 Per Annum  SPECIAL ASSISTANT TO THE PRESIDENT AND WHITE HOUSE SOCIAL SECRETARY
Sutton, Yasaman S.             Detailee       116887 Per Annum  ETHICS COUNSEL
Suntum, Margaret M.            Employee       115000 Per Annum  DIRECTOR OF STENOGRAPHY
Matusiak, Ari A.               Employee       115000 Per Annum  SPECIAL ASSISTANT TO THE PRESIDENT AND DIRECTOR OF PRIVATE SECTOR ENGAGEMENT
Marcus, Robert N.              Employee       115000 Per Annum  SPECIAL ASSISTANT TO THE PRESIDENT FOR LEGISLATIVE AFFAIRS
Raizk, Paul S.                 Employee       114741 Per Annum  DEPUTY DIRECTOR OF RECORDS MANAGEMENT
Dominguez, Daniel J.           Employee       114000 Per Annum  SPECIAL ASSISTANT TO THE PRESIDENT AND ASSOCIATE COUNSEL TO THE PRESIDENT
Fonzone, Christopher C.        Employee       114000 Per Annum  SPECIAL ASSISTANT TO THE PRESIDENT AND ASSOCIATE COUNSEL TO THE PRESIDENT
Florence, Justin G.            Employee       114000 Per Annum  SPECIAL ASSISTANT TO THE PRESIDENT AND ASSOCIATE COUNSEL TO THE PRESIDENT
Gottlieb, Michael D.           Employee       114000 Per Annum  SPECIAL ASSISTANT TO THE PRESIDENT AND ASSOCIATE COUNSEL TO THE PRESIDENT
McQuaid, Nicholas L.           Employee       114000 Per Annum  SPECIAL ASSISTANT TO THE PRESIDENT AND ASSOCIATE COUNSEL TO THE PRESIDENT
Sandler, David J.              Employee       114000 Per Annum  SPECIAL ASSISTANT TO THE PRESIDENT AND ASSOCIATE COUNSEL TO THE PRESIDENT
Herwig, Paige L.               Employee       114000 Per Annum  SPECIAL ASSISTANT TO THE PRESIDENT AND ASSOCIATE COUNSEL TO THE PRESIDENT
Stone, Wandra E.               Employee       113904 Per Annum  SUPERVISOR OF SEARCH AND FILE
Johnston, Jr., Robert O.       Detailee       113346 Per Annum  DEPUTY ASSOCIATE COUNSEL FOR PRESIDENTIAL PERSONNEL
Turnbull, Nathaniel S.         Employee       113000 Per Annum  SPECIAL ASSISTANT TO THE PRESIDENT FOR PRESIDENTIAL PERSONNEL
Chaurand, Teresa R.            Employee       113000 Per Annum  SPECIAL ASSISTANT TO THE PRESIDENT FOR PRESIDENTIAL PERSONNEL
McMahon, Collin T.             Employee       113000 Per Annum  SPECIAL ASSISTANT TO THE PRESIDENT FOR PRESIDENTIAL PERSONNEL
Briscoe, Rochelle B.           Employee       113000 Per Annum  SPECIAL ASSISTANT TO THE PRESIDENT FOR PRESIDENTIAL PERSONNEL
Moose, Amanda D.               Employee       113000 Per Annum  SPECIAL ASSISTANT TO THE PRESIDENT FOR PRESIDENTIAL PERSONNEL
Heinzelman, Kate E.            Employee       112000 Per Annum  ASSOCIATE COUNSEL
Phadke, Shilpa D.              Employee       110000 Per Annum  SPECIAL ASSISTANT TO THE PRESIDENT AND SENIOR DIRECTOR OF CABINET AFFAIRS
Reeves, Fiona O.               Employee       110000 Per Annum  SPECIAL ASSISTANT TO THE PRESIDENT AND DIRECTOR OF PRESIDENTIAL CORRESPONDENCE
Govashiri, Ferial              Employee       108000 Per Annum  SPECIAL ASSISTANT TO THE PRESIDENT AND PERSONAL AIDE TO THE PRESIDENT
Burgard, Kirsten M.            Detailee       107909 Per Annum  TECHNOLOGY MANAGER FOR PRESIDENTIAL PERSONNEL
McCathran, William W.          Employee       107909 Per Annum  ASSISTANT EXECUTIVE CLERK
Secreto, James V.              Detailee       106263 Per Annum  DEPUTY ASSOCIATE COUNSEL
Paulsen, Joseph  B.            Employee       105000 Per Annum  SPECIAL ASSISTANT TO THE PRESIDENT AND DEPUTY DIRECTOR OF THE OFFICE OF POLITICAL STRATEGY AND OUTREACH
Leibenluft, Jacob D.           Employee       105000 Per Annum  SPECIAL ASSISTANT TO THE PRESIDENT FOR ECONOMIC POLICY
Schmuck, Robert E.             Employee       105000 Per Annum  SPECIAL ASSISTANT TO THE PRESIDENT AND DEPUTY DIRECTOR OF THE OFFICE OF POLITICAL STRATEGY AND OUTREACH
Roach, Cynthia L.              Employee       104911 Per Annum  SUPERVISOR OF CLASSIFICATION
Campbell, Frances L.           Employee       104911 Per Annum  "SUPERVISOR
Friedman, Jennifer B.          Employee       103000 Per Annum  SENIOR ADVISOR FOR STRATEGIC COMMUNICATIONS FOR THE NATIONAL ECONOMIC COUNCIL
Mokros, Andrea K.              Employee       103000 Per Annum  SPECIAL ASSISTANT TO THE PRESIDENT AND DIRECTOR OF STRATEGIC PLANNING FOR THE FIRST LADY
Schultz, Eric H.               Employee       103000 Per Annum  SPECIAL ASSISTANT TO THE PRESIDENT AND DEPUTY PRESS SECRETARY
Lorjuste, Gregory              Employee       102000 Per Annum  SPECIAL ASSISTANT TO THE PRESIDENT AND PRINCIPAL DEPUTY DIRECTOR OF SCHEDULING
Varghese, Maju S.              Employee       102000 Per Annum  SPECIAL ASSISTANT TO THE PRESIDENT AND DEPUTY DIRECTOR OF ADVANCE
Thomas, III, Edwin R.          Employee       101914 Per Annum  ASSISTANT EXECUTIVE CLERK
Hurwitz, Sarah K.              Employee       100000 Per Annum  "SPECIAL ASSISTANT TO THE PRESIDENT
Gronniger, Jerome T.           Employee       100000 Per Annum  SENIOR POLICY ADVISOR
Brooks, Douglas M.             Employee       100000 Per Annum  DIRECTOR OF THE OFFICE OF NATIONAL AIDS POLICY
McGuinness, Tara D.            Employee       100000 Per Annum  SENIOR COMMUNICATIONS ADVISOR
Escobar, Felicia A.            Employee       100000 Per Annum  SPECIAL ASSISTANT TO THE PRESIDENT FOR IMMIGRATION POLICY
Holzer, Benjamin S.            Employee       100000 Per Annum  SPECIAL ASSISTANT TO THE PRESIDENT AND DIRECTOR OF RESEARCH
Fay, Jennifer M.               Employee       100000 Per Annum  DIRECTOR OF WHITE HOUSE PERSONNEL AND ADVISOR FOR MANAGEMENT AND ADMINISTRATION
Vega, Dagoberto                Employee       100000 Per Annum  SPECIAL ASSISTANT TO THE PRESIDENT AND DIRECTOR OF BROADCAST MEDIA
Zaidi, Ali A.                  Employee       100000 Per Annum  DEPUTY DIRECTOR FOR ENERGY POLICY
O'Neil, Michael P.             Employee       100000 Per Annum  SPECIAL ASSISTANT TO THE PRESIDENT AND ADVISOR FOR THE OFFICE OF POLITICAL STRATEGY AND OUTREACH
Robinson, Tonya T.             Employee       100000 Per Annum  SPECIAL ASSISTANT TO THE PRESIDENT FOR JUSTICE AND REGULATORY POLICY
O'Connor, Kyle P.              Employee       100000 Per Annum  SPECIAL ASSISTANT TO THE PRESIDENT AND DEPUTY DIRECTOR OF SPEECHWRITING
Schafer, Ellie S.              Employee       100000 Per Annum  SPECIAL ASSISTANT TO THE PRESIDENT AND DIRECTOR OF VISITORS OFFICE
Gillette, Jodi A.              Employee       100000 Per Annum  SENIOR POLICY ADVISOR FOR NATIVE AMERICAN AFFAIRS
Rogers, Melissa                Employee       100000 Per Annum  SPECIAL ASSISTANT TO THE PRESIDENT AND EXECUTIVE DIRECTOR OF THE WHITE HOUSE OFFICE OF FAITH-BASED AND NEIGHBORHOOD PARTNERSHIPS
Sahgal, Rishi R.               Employee        99990 Per Annum  DEPUTY ASSOCIATE COUNSEL
Friedman, Joshua N.            Employee        99990 Per Annum  DEPUTY ASSOCIATE COUNSEL
Loeb, Emily M.                 Employee        99000 Per Annum  DEPUTY ASSOCIATE COUNSEL
Brooke, Mary J.                Employee        98916 Per Annum  SUPERVISOR OF CORRESPONDENCE REVIEW
Tucker, Phyllis J.             Employee        98916 Per Annum  SUPERVISOR OF COMPUTER ADMINISTRATION
Blair, Patricia A.             Employee        97692 Per Annum  CHIEF CALLIGRAPHER
Lee, Jesse C.                  Employee        95950 Per Annum  SPECIAL ASSISTANT TO THE PRESIDENT AND DIRECTOR OF PROGRESSIVE MEDIA AND ONLINE RESPONSE
Cobbina, Kwesi A.              Employee        95950 Per Annum  SPECIAL ASSISTANT TO THE PRESIDENT AND POLICY ADVISOR TO THE OFFICE OF THE CHIEF OF STAFF
Mosteller, Brian D.            Employee        95950 Per Annum  DIRECTOR OF OVAL OFFICE OPERATIONS
Taggart, Jr., Hugh T.          Employee        95785 Per Annum  ASSISTANT SUPERVISOR OF SEARCH AND FILE
Menon, Ajita T.                Employee        93930 Per Annum  SENIOR POLICY ADVISOR FOR EDUCATION
Roddick, Gertrude A.           Employee        93264 Per Annum  PRESIDENTIAL SUPPORT SPECIALIST
Olinsky, Benjamin C.           Employee        93000 Per Annum  SENIOR POLICY ADVISOR FOR LABOR AND WORKFORCE
Graham, Carlissia N.           Detailee        92922 Per Annum  SPECIAL ASSISTANT FOR PRESIDENTIAL PERSONNEL
Bollinger, Anne M.             Detailee        92922 Per Annum  POLICY ASSISTANT
Sander, Kirk M.                Detailee        92922 Per Annum  DOMESTIC DIRECTOR FOR PRESIDENTIAL PERSONNEL
Lopez, Oliva A.                Detailee        92922 Per Annum  ASSOCIATE POLICY DIRECTOR
Gardner, Meagan R.             Detailee        92922 Per Annum  ASSOCIATE DIRECTOR OF PUBLIC ENGAGEMENT AND INTERGOVERNMENTAL AFFAIRS
Rodriguez, Julie C.            Employee        92920 Per Annum  DEPUTY DIRECTOR OF PUBLIC ENGAGEMENT
Saenz, Adrian                  Employee        92920 Per Annum  SPECIAL ASSISTANT TO THE PRESIDENT AND DEPUTY DIRECTOR OF INTERGOVERNMENTAL AFFAIRS
Patel, Rohan S.                Employee        92000 Per Annum  SPECIAL ASSISTANT TO THE PRESIDENT AND DEPUTY DIRECTOR OF INTERGOVERNMENTAL AFFAIRS
Simon, Jennifer J.             Employee        90900 Per Annum  DIRECTOR OF INTERNATIONAL AFFAIRS AND SENIOR POLICY ADVISOR
Smith, Jason J.                Employee        90900 Per Annum  "DEPUTY DIRECTOR
Chiodo, Theodore A.            Employee        90900 Per Annum  "CHIEF OF STAFF
Stephens, Jeffrey M.           Employee        90900 Per Annum  SENIOR CONFIRMATIONS ADVISOR
Aguilar, Rita C.               Employee        90900 Per Annum  SENIOR CONFIRMATIONS ADVISOR
Showers, Wendy W.              Employee        90744 Per Annum  PRESIDENTIAL SUPPORT SPECIALIST
Jones, Crystal B.              Employee        90744 Per Annum  "ASSISTANT SUPERVISOR
Fazili, Sameera                Employee        90000 Per Annum  SENIOR POLICY ADVISOR
Asen, Jonathan D.              Employee        90000 Per Annum  CHIEF OF STAFF AND SENIOR ADVISOR TO THE DIRECTOR OF THE OFFICE OF LEGISLATIVE AFFAIRS
Young, Christen L.             Employee        90000 Per Annum  SENIOR POLICY ADVISOR FOR HEALTH AND THE OFFICE OF NATIONAL AIDS POLICY
Racusen, Rachel J.             Employee        87870 Per Annum  ASSOCIATE COMMUNICATIONS DIRECTOR
Brown, Debra S.                Employee        86812 Per Annum  CALLIGRAPHER
Koo, Stacy J.                  Employee        85850 Per Annum  CHIEF OF STAFF FOR PRESIDENTIAL PERSONNEL
Tate, Lucas L.                 Employee        85850 Per Annum  SENIOR POLICY ADVISOR
Trueblood, Kimberly P.         Employee        85850 Per Annum  DIRECTOR OF OPERATIONS
Parker, Doris D.               Employee        85703 Per Annum  ASSISTANT SUPERVISOR OF CLASSIFICATION
Ledbetter, Howli J.            Employee        85092 Per Annum  DIRECTOR OF MESSAGE PLANNING
Santillo, Jessica R.           Employee        85092 Per Annum  ASSISTANT PRESS SECRETARY
Lehrich, Matthew A.            Employee        85092 Per Annum  ASSISTANT PRESS SECRETARY
Jarvis, Kristen E.             Employee        85000 Per Annum  DEPUTY SENIOR ADVISOR AND DIRECTOR OF EXTERNAL RELATIONS FOR THE FIRST LADY
Gurman, Jesse A.               Employee        85000 Per Annum  ASSOCIATE STAFF SECRETARY
Burke, Jordan M.               Employee        83325 Per Annum  SPECIAL ASSISTANT TO THE PRESIDENT AND ASSISTANT COMMUNICATIONS DIRECTOR
Then, Corey M.                 Employee        80800 Per Annum  DEPUTY ASSOCIATE COUNSEL FOR PRESIDENTIAL PERSONNEL
Presser, Jeremy S.             Employee        80800 Per Annum  DEPUTY ASSOCIATE COUNSEL FOR PRESIDENTIAL PERSONNEL
Maska, Johanna M.              Employee        80800 Per Annum  DEPUTY DIRECTOR OF ADVANCE AND DIRECTOR OF PRESS ADVANCE
Lubin, Nathaniel J.            Employee        80800 Per Annum  DEPUTY DIRECTOR OF DIGITAL STRATEGY
Bumpus, Kirby L.               Detailee        80662 Per Annum  "ASSOCIATE DIRECTOR FOR POLICY
Pieh, Lusani J.                Employee        80000 Per Annum  SENIOR DIRECTOR OF CABINET AFFAIRS
Jain, Ruchi                    Employee        80000 Per Annum  DEPUTY ASSOCIATE COUNSEL FOR PRESIDENTIAL PERSONNEL
Harvey, James R.               Employee        80000 Per Annum  DEPUTY ASSOCIATE COUNSEL FOR PRESIDENTIAL PERSONNEL
Williams, Sherman A.           Employee        79916 Per Annum  ASSISTANT TO THE EXECUTIVE CLERK
Inouye, Shinichi               Employee        78780 Per Annum  DIRECTOR OF SPECIALTY MEDIA
Barrett, Alexis S.             Employee        78780 Per Annum  SENIOR POLICY ADVISOR
Vargas, Katherine A.           Employee        78780 Per Annum  DIRECTOR OF HISPANIC MEDIA
Whisenant, Addie M.            Employee        78000 Per Annum  DIRECTOR OF AFRICAN-AMERICAN MEDIA
Neiman, Wanda M.               Employee        77813 Per Annum  ASSISTANT TO THE EXECUTIVE CLERK
Main, Galen E.                 Employee        77265 Per Annum  PRINCIPAL DEPUTY DIRECTOR
Adler, Caroline E.             Employee        75750 Per Annum  DEPUTY COMMUNICATIONS DIRECTOR
Wang, Ya Wei                   Employee        75750 Per Annum  SPECIAL ASSISTANT TO THE CHIEF OF STAFF
Tate-Gilmore, Ashley R.        Employee        75750 Per Annum  DIRECTOR OF TRAVEL OFFICE
Rooney, Megan E.               Employee        75750 Per Annum  SENIOR PRESIDENTIAL SPEECHWRITER
Goepfert, Stephen M.           Employee        75750 Per Annum  DEPUTY DIRECTOR OF PRESIDENTIAL CORRESPONDENCE
DeGuzman, Jr., Danilo          Employee        75710 Per Annum  PRESIDENTIAL SUPPORT SPECIALIST
McCormick, Michael J.          Employee        75000 Per Annum  DEPUTY DIRECTOR OF STENOGRAPHY
Dansky Bari, Dominique A.      Employee        75000 Per Annum  DEPUTY DIRECTOR OF STENOGRAPHY
Freeman, Myra B.               Employee        74654 Per Annum  RECORDS MANAGEMENT ANALYST
Binns, Mary U.                 Employee        74654 Per Annum  SPECIAL ASSISTANT
Schulman, Kori S.              Employee        73225 Per Annum  DIRECTOR OF ONLINE ENGAGEMENT
Holst, Lindsay L.              Employee        73225 Per Annum  DIRECTOR OF DIGITAL CONTENT
Axios, Ashleigh T.             Employee        72500 Per Annum  DIGITAL CREATIVE DIRECTOR
Garber, Adam W.                Employee        72500 Per Annum  DIRECTOR OF VIDEO FOR DIGITAL STRATEGY
Rodolfa, Christopher T.        Employee        72500 Per Annum  DIRECTOR OF DIGITAL ANALYTICS
Fenn, Sarah B.                 Employee        72000 Per Annum  DEPUTY ASSOCIATE COUNSEL
Houshower, Samuel B.           Employee        72000 Per Annum  DEPUTY ASSOCIATE COUNSEL
Trainor, Gregory T.            Employee        70825 Per Annum  SPECIAL ASSISTANT
Johnson, Linda M.              Employee        70825 Per Annum  INFORMATION SERVICES OPERATOR
Platkin, Alexandra R.          Employee        70700 Per Annum  DEPUTY DIRECTOR
Lechtenberg, Tyler A.          Employee        70700 Per Annum  PRESIDENTIAL SPEECHWRITER
Branch, Katherine Y.           Employee        70700 Per Annum  DIRECTOR OF SPECIAL PROJECTS AND SPECIAL ASSISTANT TO THE SENIOR ADVISOR
Maley, Keith R.                Employee        70700 Per Annum  REGIONAL COMMUNICATIONS DIRECTOR
Rosholm, Joanna S.             Employee        70700 Per Annum  PRESS SECRETARY TO THE FIRST LADY
Graham, Douglas E.             Employee        70700 Per Annum  VETTING ADVISOR FOR PRESIDENTIAL PERSONNEL
Shevlin, Paige L.              Employee        70000 Per Annum  SENIOR POLICY ADVISOR
Richards, Kaelan E.            Employee        70000 Per Annum  REGIONAL COMMUNICATONS DIRECTOR
Donovan, Michael W.            Employee        68000 Per Annum  DEPUTY DIRECTOR OF SCHEDULING
Teater, Louis D.               Employee        67000 Per Annum  SPECIAL ASSISTANT AND SENIOR ADVANCE LEAD
Jackson, Theresa R.            Employee        66997 Per Annum  INFORMATION SERVICES OPERATOR
Samuels, Jr., Wendell A.       Employee        66997 Per Annum  RECORDS SYSTEMS ANALYST
Lezotte, Darin R.              Employee        66997 Per Annum  RECORDS MANAGEMENT ANALYST
Jenkins, Bradley L.            Employee        65650 Per Annum  ASSOCIATE DIRECTOR
Schneir, Hallie R.             Employee        65650 Per Annum  ASSOCIATE DIRECTOR OF PUBLIC ENGAGEMENT
Dyer, Deesha A.                Employee        65650 Per Annum  DEPUTY DIRECTOR AND DEPUTY SOCIAL SECRETARY
Litt, David M.                 Employee        65650 Per Annum  PRESIDENTIAL SPEECHWRITER
Brown, Sam D.                  Employee        65650 Per Annum  DIRECTOR OF THE WHITE HOUSE BUSINESS COUNCIL
Kulma, Monika                  Employee        65650 Per Annum  DEPUTY DIRECTOR FOR FINANCE
Peele, Christian B.            Employee        65650 Per Annum  DEPUTY DIRECTOR FOR OPERATIONS
Brosius, Rory M.               Employee        65650 Per Annum  "DEPUTY DIRECTOR
Raghavan, Gautam               Employee        65650 Per Annum  PUBLIC ENGAGEMENT ADVISOR
Twigg, Carri B.                Employee        65650 Per Annum  ASSOCIATE DIRECTOR OF PUBLIC ENGAGEMENT
Foster, Heather J.             Employee        65650 Per Annum  PUBLIC ENGAGEMENT ADVISOR
Siegel, Avra C.                Employee        65650 Per Annum  DEPUTY EXECUTIVE DIRECTOR FOR THE COUNCIL ON WOMEN AND GIRLS
Corrigan, Tara C.              Employee        65650 Per Annum  ASSOCIATE DIRECTOR OF INTERGOVERNMENTAL AFFAIRS
Crabtree, Alexandra M.         Employee        65650 Per Annum  DEPUTY DIRECTOR OF WHITE HOUSE PERSONNEL AND DIRECTOR OF THE WHITE HOUSE INTERNSHIP PROGRAM
Bailey, Kevin T.               Detailee        65194 Per Annum  POLICY ASSISTANT
Neri, Jorge A.                 Employee        65000 Per Annum  ASSOCIATE DIRECTOR OF PUBLIC ENGAGEMENT
Hartz, Timothy S.              Employee        65000 Per Annum  SPECIAL ASSISTANT AND SENIOR ADVANCE LEAD
Evans, Elisabeth W.            Employee        65000 Per Annum  ASSOCIATE DIRECTOR OF PUBLIC ENGAGEMENT
Lierman, Kyle J.               Employee        65000 Per Annum  ASSOCIATE DIRECTOR OF PUBLIC ENGAGEMENT
Thiele, Raina D.               Employee        65000 Per Annum  ASSOCIATE DIRECTOR OF INTERGOVERNMENTAL AFFAIRS
Young, Jr., Reginald D.        Employee        64311 Per Annum  RECORDS MANAGEMENT ANALYST
Millison, Chad L.              Employee        64311 Per Annum  RECORDS MANAGEMENT ANALYST
Mattson, Philip C.             Employee        64311 Per Annum  SPECIAL ASSISTANT
Mechaber, Ezra L.              Employee        63125 Per Annum  DEPUTY DIRECTOR OF EMAIL AND PETITIONS
Young, Caitlin E.              Employee        63000 Per Annum  STENOGRAPHER
Pagán Motta, Tomás A.        Employee        63000 Per Annum  STENOGRAPHER
Dorey-Stein, Rebecca C.        Employee        63000 Per Annum  STENOGRAPHER
Claude, Lilia H.               Employee        62573 Per Annum  INFORMATION SERVICES OPERATOR
King, Taeshonnda C.            Employee        62573 Per Annum  RECORDS MANAGEMENT ANALYST
Coccaro, Kasie M.              Employee        62500 Per Annum  DEPUTY DIRECTOR OF DIGITAL PROGRAMS
Wall, Alexander B.             Employee        62500 Per Annum  DEPUTY DIRECTOR OF ONLINE ENGAGEMENT
Lartey, Solomon D.             Employee        60836 Per Annum  RECORDS MANAGEMENT ANALYST
Sass, Joan C.                  Employee        60836 Per Annum  INFORMATION SERVICES OPERATOR
McCombs, Claire E.             Employee        60600 Per Annum  SPECIAL ASSISTANT TO THE WHITE HOUSE COUNSEL
Moore, Jesse D.                Employee        60600 Per Annum  SPEECHWRITER
Kimball, Chase E.              Employee        60600 Per Annum  DIRECTOR FOR CORRESPONDENCE SYSTEMS INNOVATION
Langner, Emily R.              Employee        60600 Per Annum  ASSISTANT STAFF SECRETARY
Owens, Maurice M.              Employee        60600 Per Annum  SPECIAL ASSISTANT TO THE CHIEF OF STAFF
Dorsainvil, Monique            Employee        60600 Per Annum  DIRECTOR OF PLANNING AND EVENTS FOR THE OFFICE OF PUBLIC ENGAGEMENT AND INTERGOVERNMENTAL AFFAIRS
Dumas, Clay A.                 Employee        60600 Per Annum  SPECIAL ASSISTANT TO THE SENIOR ADVISOR AND THE DEPUTY CHIEF OF STAFF
Hsu, Irene                     Employee        60600 Per Annum  ASSISTANT DIRECTOR OF INTERGOVERNMENTAL AFFAIRS
Hegde, Shilpa S.               Employee        60600 Per Annum  ASSISTANT STAFF SECRETARY
Hicks Delgado, Tequia M.       Employee        60000 Per Annum  MEMBER RELATIONS ADVISOR
Smith, Mackenzie R.            Employee        60000 Per Annum  DEPUTY DIRECTOR OF SCHEDULING
Costa, Kristina L.             Employee        60000 Per Annum  ADVISOR TO THE COUNSELOR TO THE PRESIDENT
Degen, Gregory R.              Employee        60000 Per Annum  ASSISTANT STAFF SECRETARY
Tiller, Jeffrey D.             Employee        58075 Per Annum  SPECIAL ASSISTANT TO THE PRESS SECRETARY
Merrick, Kelsey R.             Employee        58000 Per Annum  SENIOR POLICY ADVISOR
Raynor, Jessica J.             Employee        58000 Per Annum  SENIOR POLICY ADVISOR
Vahlsing, Candace M.           Employee        57500 Per Annum  SENIOR POLICY ANALYST
Pate, Brian E.                 Employee        57360 Per Annum  ASSISTANT TO THE EXECUTIVE CLERK
DeGuzman, Brian K.             Employee        57358 Per Annum  DIRECTOR OF INFORMATION SERVICES
Hoang, Vy T.                   Employee        55622 Per Annum  RECORDS MANAGEMENT ANALYST
Edmonds, Anita J.              Employee        55620 Per Annum  RECORDS MANAGEMENT ANALYST
Gonzalez, Ximena               Employee        55550 Per Annum  DEPUTY ASSOCIATE DIRECTOR
Peterson, Ann R.               Employee        55550 Per Annum  OPERATIONS DIRECTOR FOR PRESIDENTIAL PERSONNEL
Jones, Kristin T.              Employee        55550 Per Annum  PERSONAL AIDE TO THE FIRST LADY AND EAST WING OPERATIONS COORDINATOR
McSwain, Jr., Michael S.       Employee        55550 Per Annum  ASSOCIATE DIRECTOR OF SCHEDULING
Bartoloni, Kristen A.          Employee        55550 Per Annum  ASSOCIATE RESEARCH DIRECTOR
Washington, Andrea J.          Employee        55550 Per Annum  DIRECTOR OF WRITERS AND PRODUCTION
Dinneen, James J.              Employee        55550 Per Annum  BOARDS AND COMMISSIONS DIRECTOR FOR PRESIDENTIAL PERSONNEL
Cohen, Nora E.                 Employee        55550 Per Annum  SPECIAL ASSISTANT AND ADVANCE LEAD
Ford, Harrison A.              Employee        55550 Per Annum  SPECIAL ASSISTANT TO THE DEPUTY CHIEF OF STAFF
Lesko, Max S.                  Employee        55550 Per Annum  DOMESTIC DIRECTOR FOR PRESIDENTIAL PERSONNEL
Bernton, Jeremy W.             Employee        55550 Per Annum  OUTREACH AND RECRUITMENT DIRECTOR (COMMUNITY ORGANIZATIONS)
Miterko, Kelly C.              Employee        55550 Per Annum  DEPUTY ASSOCIATE DIRECTOR OF LET'S MOVE!
Wertheimer, Clay S.            Employee        55550 Per Annum  DEPUTY ASSOCIATE DIRECTOR
Rikkers, Samuel H.             Employee        55550 Per Annum  ENERGY AND ENVIRONMENT DIRECTOR FOR PRESIDENTIAL PERSONNEL
Kelly, Lauren M.               Employee        55550 Per Annum  DEPUTY ASSOCIATE DIRECTOR
Millben, Michelle J.           Employee        55000 Per Annum  OUTREACH AND RECRUITMENT DIRECTOR FOR PRESIDENTIAL PERSONNEL (CONGRESSIONAL)
Sepp, Eryn M.                  Employee        55000 Per Annum  SPECIAL ASSISTANT TO THE COUNSELOR TO THE PRESIDENT
L'Heureux, Miguel J.           Employee        55000 Per Annum  ECONOMICS DIRECTOR FOR PRESIDENTIAL PERSONNEL
Temaat, Stephanie M.           Employee        55000 Per Annum  SENIOR PRESS LEAD
Coscia, Caroline M.            Employee        55000 Per Annum  SENIOR PRESS LEAD
Slabey, Jill D.                Employee        55000 Per Annum  ASSOCIATE DIRECTOR OF SCHEDULING
Shulman, Sophie M.             Employee        55000 Per Annum  DEPUTY PRESS SECRETARY AND EXECUTIVE SECRETARY FOR THE DOMESTIC POLICY COUNCIL
Cunnane, Patrick J.            Employee        55000 Per Annum  SENIOR WRITER
Breitenbeck, Casey L.          Employee        55000 Per Annum  SPECIAL ASSISTANT AND ADVANCE LEAD
Satkowiak, Karly M.            Employee        55000 Per Annum  SPECIAL ASSISTANT AND ADVANCE LEAD
Blount, Patricia H.            Employee        53883 Per Annum  RECORDS MANAGEMENT ANALYST
Kline, Lacy R.                 Employee        52520 Per Annum  ASSOCIATE DIRECTOR OF WHITE HOUSE PERSONNEL
Hunt, Thomas F.                Employee        52520 Per Annum  ASSOCIATE DIRECTOR FOR OPERATIONS
Norris, Amanda J.              Employee        52520 Per Annum  ASSOCIATE DIRECTOR FOR TECHNOLOGY
Varghese, Elizabeth J.         Employee        52146 Per Annum  RECORDS MANAGEMENT ANALYST
Bollinger, Chelsea M.          Employee        52000 Per Annum  ASSOCIATE DIRECTOR
Wright, Frank B.               Employee        52000 Per Annum  ASSOCIATE DIRECTOR FOR FINANCE
Schaub, Matthew J.             Employee        50500 Per Annum  ASSISTANT DIRECTOR
Grimes, Stephen H.             Employee        50500 Per Annum  ASSISTANT DIRECTOR
Gillum, Bria L.                Employee        50500 Per Annum  POLICY ASSISTANT
Kimball, Emilie A.             Employee        50500 Per Annum  SENIOR WRITER
Moussavian, Roxana             Employee        50500 Per Annum  POLICY ADVISOR
Mulhall, Erin C.               Employee        50500 Per Annum  PRESS LEAD
Highsmith, Brian D.            Employee        50500 Per Annum  POLICY ADVISOR
Mahoney, Caitria L.            Employee        50500 Per Annum  SPECIAL ASSISTANT TO THE DIRECTOR OF THE OFFICE OF POLITICAL STRATEGY AND OUTREACH
Freshwater, Margaret E.        Employee        50500 Per Annum  DIRECTOR OF CORRESPONDENCE FOR THE FIRST LADY
Swartz, Samuel M.              Employee        50500 Per Annum  SPECIAL ASSISTANT TO THE CABINET SECRETARY
Broadie, Kristina T.           Employee        50500 Per Annum  PRESS LEAD
Lessne, Allison B.             Employee        50500 Per Annum  POLICY ADVISOR
Sullivan, Sarah E.             Employee        50500 Per Annum  SENIOR WRITER
Brooks, Jordan A.              Employee        50500 Per Annum  SPECIAL ASSISTANT TO THE CHIEF OF STAFF TO THE FIRST LADY
Ayling, Lindsay A.             Employee        50500 Per Annum  SENIOR WRITER
Perkins, Nathaniel M.          Employee        50500 Per Annum  SPECIAL ASSISTANT TO THE DIRECTOR
Brown, Tramaine D.             Employee        50500 Per Annum  SCHEDULING ASSISTANT AND TRIP COORDINATOR
Hayes, Lindsay B.              Employee        50500 Per Annum  DEPUTY DIRECTOR AND HOTEL PROGRAM DIRECTOR
Durheim, Joseph T.             Employee        50500 Per Annum  ASSISTANT DIRECTOR
Lillie, Jordan N.              Employee        50500 Per Annum  ASSISTANT DIRECTOR
Jones, Takesha R.              Employee        50360 Per Annum  INFORMATION SERVICES OPERATOR
Carson, Crystal M.             Employee        50000 Per Annum  EXECUTIVE ASSISTANT
Kader, Gabriel D.              Employee        50000 Per Annum  RESEARCH COORDINATOR FOR PRESIDENTIAL PERSONNEL
Lopez, David J.                Employee        50000 Per Annum  SPECIAL ASSISTANT TO THE DEPUTY CHIEF OF STAFF
Blakemore, Emily D.            Employee        50000 Per Annum  ASSISTANT DIRECTOR FOR CABINET AFFAIRS OPERATIONS
Tedmon, Dirk A.                Employee        50000 Per Annum  SENIOR WRITER
Evans, Karen M.                Employee        50000 Per Annum  SPECIAL ASSISTANT
Jacob, Susannah                Employee        50000 Per Annum  ASSISTANT SPEECHWRITER
Brandenburg, Hilary R.         Employee        50000 Per Annum  SPECIAL ASSISTANT TO THE DIRECTOR OF THE NATIONAL ECONOMIC COUNCIL
Rosa, Luke B.                  Employee        47975 Per Annum  ASSOCIATE DIRECTOR AND TRIP MANAGER
Meyer, Kenneth A.              Employee        47500 Per Annum  ASSOCIATE DIRECTOR OF ONLINE ENGAGEMENT 
Hudson, Jr., David L.          Employee        47500 Per Annum  ASSOCIATE DIRECTOR OF CONTENT
Young, Valerie A.              Employee        47212 Per Annum  RECORDS MANAGEMENT ANALYST
Harwood, Maria-Zena A.         Employee        47212 Per Annum  RECORDS MANAGEMENT ANALYST
Bradley, Katherine A.          Employee        47000 Per Annum  TRIP COORDINATOR
Gustavson, Matthew J.          Employee        46895 Per Annum  INFORMATION SERVICES OPERATOR
Rana, Yasmin S.                Employee        45474 Per Annum  INFORMATION SERVICES OPERATOR
Myricks, Shannon L.            Employee        45474 Per Annum  INFORMATION SERVICES OPERATOR
Click, John S.                 Employee        45474 Per Annum  INFORMATION SERVICES OPERATOR
Wagstaff, Jesica E.            Employee        45450 Per Annum  LEGISLATIVE ASSISTANT
Spooner, Sarah C.              Employee        45450 Per Annum  COORDINATOR
Swanson, Gregory C.            Employee        45450 Per Annum  COORDINATOR
Jackson, Bartlett W.           Employee        45450 Per Annum  RESEARCHER
Keeney, Andrew J.              Employee        45450 Per Annum  COORDINATOR
Martin, Darren D.              Employee        45450 Per Annum  COORDINATOR
Cohen, Evan N.                 Employee        45450 Per Annum  LEGISLATIVE ASSISTANT AND ASSISTANT TO THE SENATE LIAISON
Levy, Noemie C.                Employee        45450 Per Annum  POLICY ASSISTANT
Harris, Jacqueline B.          Employee        45450 Per Annum  LEGISLATIVE ASSISTANT AND ASSOCIATE DIRECTOR FOR LEGISLATIVE CORRESPONDENCE
Price, Ryan L.                 Employee        45450 Per Annum  LEGISLATIVE ASSISTANT
Payne, John H.                 Employee        45450 Per Annum  COORDINATOR
Gaughran, Kaitlin D.           Employee        45450 Per Annum  ADVANCE COORDINATOR
Faed, Pantea                   Employee        45450 Per Annum  EXECUTIVE ASSISTANT
Rothblum, Michelle L.          Employee        45450 Per Annum  EXECUTIVE ASSISTANT TO THE DIRECTOR OF SCHEDULING AND ADVANCE
Fistonich, George M.           Employee        45450 Per Annum  POLICY ASSISTANT
Bennett, Tabitha R.            Employee        45000 Per Annum  ADVANCE COORDINATOR
Waples, Gregory M.             Employee        45000 Per Annum  COORDINATOR
Sopko, Alexandra L.            Employee        45000 Per Annum  EXECUTIVE ASSISTANT
Kawahata, Molly M.             Employee        45000 Per Annum  POLICY ASSISTANT
Strome, Grace W.               Employee        45000 Per Annum  COORDINATOR
Coates, Kelsey A.              Employee        45000 Per Annum  VETTER    
Lustig, Taylor J.              Employee        45000 Per Annum  POLICY ASSISTANT
Gianotti, Claire L.            Employee        45000 Per Annum  VETTER    
Jordan, Megan E.               Employee        45000 Per Annum  TRAVEL PLANNER
Hakim, Neema                   Employee        45000 Per Annum  VETTER    
Bleiweis, Alexander A.         Employee        45000 Per Annum  ASSOCIATE DIRECTOR FOR SCHEDULING CORRESPONDENCE
Sarkesian, Lauren A.           Employee        45000 Per Annum  LEGISLATIVE ASSISTANT
Hoover, Zealan T.              Employee        45000 Per Annum  POLICY ASSISTANT
Layden, William J.             Employee        45000 Per Annum  LEGISLATIVE ASSISTANT
Dillon, Molly D.               Employee        45000 Per Annum  POLICY ASSISTANT FOR URBAN AFFAIRS AND ECONOMIC MOBILITY
Gwynn, II, Artemus R.          Employee        44052 Per Annum  INFORMATION SERVICES OPERATOR
Kelly, Nijah C.                Employee        44052 Per Annum  INFORMATION SERVICES OPERATOR
Burger, Jillian M.             Employee        42990 Per Annum  SENIOR ANALYST
Grady, Sean M.                 Employee        42990 Per Annum  SENIOR ANALYST
Larrimore, Zachary T.          Employee        42990 Per Annum  SENIOR ANALYST
Owens, Rodrick T.              Employee        42990 Per Annum  SENIOR ANALYST
Carmen, Evan S.                Employee        42565 Per Annum  SENIOR ANALYST
Cohen, Mitchell R.             Employee        42565 Per Annum  WRITER    
Hendricks, Catherine L.        Employee        42565 Per Annum  SENIOR ANALYST
Allen, Jessica L.              Employee        42420 Per Annum  PRESS ASSISTANT
Kissinger, Alexa M.            Employee        42420 Per Annum  STAFF ASSISTANT
Katz-Hernandez, Leah B.        Employee        42420 Per Annum  RESEARCH ASSOCIATE
Alcantara, Elias               Employee        42420 Per Annum  STAFF ASSISTANT
Heyman, Liza R.                Employee        42420 Per Annum  STAFF ASSISTANT
Bertagnoll, Brendan P.         Employee        42420 Per Annum  ANALYST   
Krueger, Benjamin S.           Employee        42420 Per Annum  ANALYST   
Liddell, Marquis J.            Employee        42420 Per Annum  STAFF ASSISTANT
Lee, Gi H.                     Employee        42420 Per Annum  SPECIAL ASSISTANT TO THE DIRECTOR OF THE PRESIDENTIAL PERSONNEL OFFICE
Vrazilek, Lauren S.            Employee        42420 Per Annum  DEPUTY ASSOCIATE DIRECTOR OF CORRESPONDENCE FOR THE FIRST LADY
Harvey, Kendra E.              Employee        42420 Per Annum  ENERGY AND ENVIRONMENT STAFF ASSISTANT
Hunn, Allison D.               Employee        42420 Per Annum  SPECIAL ASSISTANT TO THE OFFICE OF CABINET AFFAIRS
Higley, Lacey E.               Employee        42420 Per Annum  ANALYST   
Amo, Jr., Gabriel F.           Employee        42420 Per Annum  STAFF ASSISTANT
Barnes, Desiree N.             Employee        42420 Per Annum  PRESS ASSISTANT
Idaszak, Joshua A.             Employee        42420 Per Annum  ANALYST   
Hassan, Zaid B.                Employee        42420 Per Annum  STAFF ASSISTANT
Wong, Frederick L.             Employee        42420 Per Annum  DOMESTIC STAFF ASSISTANT
Velz, Peter T.                 Employee        42420 Per Annum  PRESS ASSISTANT
Strong, Stephen L.             Employee        42420 Per Annum  STAFF ASSISTANT
Sgro, Max C.                   Employee        42420 Per Annum  ANALYST   
Roberts, Brian D.              Employee        42420 Per Annum  ANALYST   
Dietz, David R.                Employee        42420 Per Annum  SPECIAL ASSISTANT TO THE CHIEF OF STAFF FOR THE OFFICE OF PUBLIC ENGAGEMENT AND INTERGOVERNMENTAL AFFAIRS
Rafi, Hina A.                  Employee        42420 Per Annum  INFORMATION SERVICES OPERATOR
Perez, Maria G.                Employee        42420 Per Annum  NATIONAL SECURITY STAFF ASSISTANT FOR PRESIDENTIAL PERSONNEL
Cardenas, Anne R.              Employee        42420 Per Annum  ANALYST   
Pan, Elizabeth H.              Employee        42420 Per Annum  STAFF ASSISTANT
Feuerstein, Sara A.            Employee        42420 Per Annum  WEST WING RECEPTIONIST
Fitzgerald, Quinn S.           Employee        42420 Per Annum  STAFF ASSISTANT
Rowe, Zawadi J.                Employee        42420 Per Annum  RECORDS MANAGEMENT ANALYST
Garcia, Paola M.               Employee        42420 Per Annum  STAFF ASSISTANT
McNamara Lawder, Claudia       Employee        42420 Per Annum  ASSISTANT FOR ARRANGEMENTS
Greenberg, Justin S.           Employee        42420 Per Annum  BOARDS AND COMMISSIONS STAFF ASSISTANT
Hankins, Hannah R.             Employee        42420 Per Annum  PRESS ASSISTANT
Schneider, Michael P.          Employee        42000 Per Annum  STAFF ASSISTANT
Mayber, Dana M.                Employee        42000 Per Annum  ECONOMICS STAFF ASSISTANT FOR PRESIDENTIAL PERSONNEL
Rothman, Mika L.               Employee        42000 Per Annum  STAFF ASSISTANT
Schinazi, Yann D.              Employee        42000 Per Annum  ANALYST   
Amendolare, Vincent C.         Employee        42000 Per Annum  ANALYST   
Rubinstein, Stefanie N.        Employee        42000 Per Annum  STAFF ASSISTANT
Roth, Dena M.                  Employee        42000 Per Annum  OUTREACH AND RECRUITMENT STAFF ASSISTANT FOR PRESIDENTIAL PERSONNEL
Wild, Clayton S.               Employee        42000 Per Annum  ANALYST   
Ruvin, Hallie M.               Employee        42000 Per Annum  ASSOCIATE REGIONAL COMMUNICATIONS DIRECTOR
Roshan, Nila                   Employee        42000 Per Annum  ANALYST   
Cantrell, Jeremy B.            Employee        42000 Per Annum  ANALYST   
Burglass, Summer A.            Employee        42000 Per Annum  STAFF ASSISTANT
Jain, Ashwani K.               Employee        42000 Per Annum  OUTREACH AND RECRUITMENT STAFF ASSISTANT FOR PRESIDENTIAL PERSONNEL
Fatemi, Mandana                Employee        42000 Per Annum  ANALYST   
Lin, Austin Y.                 Employee        42000 Per Annum  OPERATIONS STAFF ASSISTANT FOR PRESIDENTIAL PERSONNEL
Fiddler, Leah C.               Employee        42000 Per Annum  ANALYST   
Frohlichstein, Richard         Employee        42000 Per Annum  STAFF ASSISTANT
Gallogly, Katharine S.         Employee        42000 Per Annum  SPECIAL ASSISTANT TO THE DIRECTOR OF PUBLIC ENGAGEMENT
Mann, Dominique J.             Employee        42000 Per Annum  PRESS ASSISTANT
Thomas, Debbie A.              Employee        42000 Per Annum  ANALYST   
Loewentheil, Nathaniel F.      Employee            0 Per Annum  POLICY ADVISOR
Cohen, Elyse                   Employee            0 Per Annum  "DEPUTY DIRECTOR
